// Jest Snapshot v1, https://goo.gl/fbAQLP

exports[`should render correctly after inserting a tab 1`] = `
"<div class="smy-tabs">
  <div class="smy-tabs__wrap">
    <div role="tablist" aria-orientation="horizontal" class="smy-tabs__nav smy-tabs__nav--line">
      <div role="tab" tabindex="-1" class="smy-tab"><span class="smy-tab__text">1</span></div>
      <div role="tab" tabindex="0" aria-selected="true" class="smy-tab smy-tab--active"><span class="smy-tab__text">2</span></div>
      <div role="tab" tabindex="-1" class="smy-tab"><span class="smy-tab__text">3</span></div>
      <div class="smy-tabs__line" style="display: none;"></div>
    </div>
  </div>
  <div class="smy-tabs__content">
    <div role="tabpanel" class="smy-tab__panel" style="display: none;">
      <!---->
    </div>
    <div role="tabpanel" class="smy-tab__panel">2</div>
    <div role="tabpanel" class="smy-tab__panel" style="display: none;">3</div>
  </div>
</div>"
`;
