// Jest Snapshot v1, https://goo.gl/fbAQLP

exports[`should adjust label position when using label-position prop 1`] = `
"<div role="checkbox" tabindex="0" class="smy-checkbox"><span class="smy-checkbox__label smy-checkbox__label--left">label</span>
  <div class="smy-checkbox__icon smy-checkbox__icon--square smy-checkbox__icon--preset"><span class="smy-icon smy-checkbox__icon-content" style="transition-duration: 0ms;"><svg xmlns="http://www.w3.org/2000/svg" xmlns:xlink="http://www.w3.org/1999/xlink" version="1.1" width="24" height="24" viewBox="0 0 24 24"><path d="M21,7L9,19L3.5,13.5L4.91,12.09L9,16.17L19.59,5.59L21,7Z"></path></svg></span></div>
</div>"
`;

exports[`should render icon & label slot correctly 1`] = `
"<div role="checkbox" tabindex="0" class="smy-checkbox">
  <div class="smy-checkbox__icon smy-checkbox__icon--square smy-checkbox__icon--preset">checked: false, disabled: false</div><span class="smy-checkbox__label">Custom label</span>
</div>"
`;
