// Jest Snapshot v1, https://goo.gl/fbAQLP

exports[`test countdown example 1`] = `
"<div class=\\"smy-countdown-example\\">
  <div class=\\"app-demo-title\\">基础使用</div>
  <div class=\\"smy-countdown\\"> 03 : 00 : 00</div>
  <div class=\\"app-demo-title\\">自定义格式化</div>
  <div class=\\"smy-countdown\\"> 00 天 03 时 00 分 00 秒</div>
  <div class=\\"app-demo-title\\">展示毫秒</div>
  <div class=\\"smy-countdown\\"> 30 : 00 : 00 : 000</div>
  <div class=\\"app-demo-title\\">控制开始和暂停的倒计时</div>
  <div class=\\"smy-cell smy-cell--borderless\\">
    <!---->
    <div class=\\"smy-cell__content\\">
      <div class=\\"smy-cell__title\\">
        <div class=\\"smy-countdown\\"> 03 : 00 : 00</div>
      </div>
      <!---->
    </div>
    <div class=\\"smy-cell__extra\\"><button>start</button></div>
  </div>
  <div class=\\"app-demo-title\\">自定义样式</div>
  <div class=\\"smy-countdown\\"><span class=\\"block\\">6</span> <span class=\\"colon\\">:</span> <span class=\\"block\\">0</span> <span class=\\"colon\\">:</span> <span class=\\"block\\">0</span></div>
  <div class=\\"app-demo-title\\">手动控制</div>
  <div class=\\"smy-countdown\\"> 03 : 000</div>
  <div class=\\"btn-container\\"><button>start</button> <button>pause</button> <button>reset</button></div>
</div>"
`;
