// Jest Snapshot v1, https://goo.gl/fbAQLP

exports[`test cell example 1`] = `
"<div class=\\"cell-example\\">
  <div>基础使用</div>
  <div class=\\"smy-cell\\">
    <!---->
    <div class=\\"smy-cell__content\\">
      <div class=\\"smy-cell__title\\">这里是cell组件</div>
      <!---->
    </div>
    <!---->
  </div>
  <div>展示描述</div>
  <div class=\\"smy-cell\\">
    <!---->
    <div class=\\"smy-cell__content\\">
      <div class=\\"smy-cell__title\\">这里是cell组件
      </div>
      <div class=\\"smy-cell__desc\\">这里是描述</div>
    </div>
    <!---->
  </div>
  <div>展示图标</div>
  <div class=\\"smy-cell\\">
    <div class=\\"smy-cell__icon\\"><span class=\\"smy-icon\\" style=\\"transition: transform 0ms;\\"><svg xmlns=\\"http://www.w3.org/2000/svg\\" xmlns:xlink=\\"http://www.w3.org/1999/xlink\\" version=\\"1.1\\" width=\\"24\\" height=\\"24\\" viewBox=\\"0 0 24 24\\"><path d=\\"M13.46,12L19,17.54V19H17.54L12,13.46L6.46,19H5V17.54L10.54,12L5,6.46V5H6.46L12,10.54L17.54,5H19V6.46L13.46,12Z\\"></path></svg></span></div>
    <div class=\\"smy-cell__content\\">
      <div class=\\"smy-cell__title\\">这里是cell组件
      </div>
      <div class=\\"smy-cell__desc\\">这里是描述</div>
    </div>
    <!---->
  </div>
  <div>右侧内容</div>
  <div class=\\"smy-cell\\">
    <!---->
    <div class=\\"smy-cell__content\\">
      <div class=\\"smy-cell__title\\">这里是cell组件
      </div>
      <!---->
    </div>
    <div class=\\"smy-cell__extra\\"><span class=\\"smy-icon\\" style=\\"transition: transform 0ms;\\"><svg xmlns=\\"http://www.w3.org/2000/svg\\" xmlns:xlink=\\"http://www.w3.org/1999/xlink\\" version=\\"1.1\\" width=\\"24\\" height=\\"24\\" viewBox=\\"0 0 24 24\\"><path d=\\"M13.46,12L19,17.54V19H17.54L12,13.46L6.46,19H5V17.54L10.54,12L5,6.46V5H6.46L12,10.54L17.54,5H19V6.46L13.46,12Z\\"></path></svg></span></div>
  </div>
  <div>点击动画</div>
  <div class=\\"smy-cell smy-cell--clickable\\">
    <!---->
    <div class=\\"smy-cell__content\\">
      <div class=\\"smy-cell__title\\">这里是cell组件</div>
      <!---->
    </div>
    <!---->
  </div>
  <div>卡片样式</div>
  <div class=\\"smy-cell insert-example smy-cell--insert\\">
    <!---->
    <div class=\\"smy-cell__content\\">
      <div class=\\"smy-cell__title\\">这里是cell组件
      </div>
      <!---->
    </div>
    <div class=\\"smy-cell__extra\\"><span class=\\"smy-icon\\" style=\\"transition: transform 0ms;\\"><svg xmlns=\\"http://www.w3.org/2000/svg\\" xmlns:xlink=\\"http://www.w3.org/1999/xlink\\" version=\\"1.1\\" width=\\"24\\" height=\\"24\\" viewBox=\\"0 0 24 24\\"><path d=\\"M13.46,12L19,17.54V19H17.54L12,13.46L6.46,19H5V17.54L10.54,12L5,6.46V5H6.46L12,10.54L17.54,5H19V6.46L13.46,12Z\\"></path></svg></span></div>
  </div>
  <div>分组用法</div>
  <div class=\\"smy-cell-group\\">
    <div class=\\"smy-cell smy-cell--border smy-cell--clickable\\">
      <!---->
      <div class=\\"smy-cell__content\\">
        <div class=\\"smy-cell__title\\">这里是cell组件
        </div>
        <div class=\\"smy-cell__desc\\">这里是描述</div>
      </div>
      <div class=\\"smy-cell__extra\\"><span class=\\"smy-icon\\" style=\\"transition: transform 0ms;\\"><svg xmlns=\\"http://www.w3.org/2000/svg\\" xmlns:xlink=\\"http://www.w3.org/1999/xlink\\" version=\\"1.1\\" width=\\"24\\" height=\\"24\\" viewBox=\\"0 0 24 24\\"><path d=\\"M13.46,12L19,17.54V19H17.54L12,13.46L6.46,19H5V17.54L10.54,12L5,6.46V5H6.46L12,10.54L17.54,5H19V6.46L13.46,12Z\\"></path></svg></span></div>
    </div>
    <div class=\\"smy-cell smy-cell--border smy-cell--clickable\\">
      <!---->
      <div class=\\"smy-cell__content\\">
        <div class=\\"smy-cell__title\\">这里是cell组件
        </div>
        <div class=\\"smy-cell__desc\\">这里是描述</div>
      </div>
      <div class=\\"smy-cell__extra\\"><span class=\\"smy-icon\\" style=\\"transition: transform 0ms;\\"><svg xmlns=\\"http://www.w3.org/2000/svg\\" xmlns:xlink=\\"http://www.w3.org/1999/xlink\\" version=\\"1.1\\" width=\\"24\\" height=\\"24\\" viewBox=\\"0 0 24 24\\"><path d=\\"M13.46,12L19,17.54V19H17.54L12,13.46L6.46,19H5V17.54L10.54,12L5,6.46V5H6.46L12,10.54L17.54,5H19V6.46L13.46,12Z\\"></path></svg></span></div>
    </div>
    <div class=\\"smy-cell smy-cell--border smy-cell--clickable\\">
      <!---->
      <div class=\\"smy-cell__content\\">
        <div class=\\"smy-cell__title\\">这里是cell组件
        </div>
        <div class=\\"smy-cell__desc\\">这里是描述</div>
      </div>
      <div class=\\"smy-cell__extra\\"><span class=\\"smy-icon\\" style=\\"transition: transform 0ms;\\"><svg xmlns=\\"http://www.w3.org/2000/svg\\" xmlns:xlink=\\"http://www.w3.org/1999/xlink\\" version=\\"1.1\\" width=\\"24\\" height=\\"24\\" viewBox=\\"0 0 24 24\\"><path d=\\"M13.46,12L19,17.54V19H17.54L12,13.46L6.46,19H5V17.54L10.54,12L5,6.46V5H6.46L12,10.54L17.54,5H19V6.46L13.46,12Z\\"></path></svg></span></div>
    </div>
  </div>
  <div>分组卡片样式</div>
  <div class=\\"smy-cell-group insert-example smy-cell-group--insert\\">
    <div class=\\"smy-cell smy-cell--border smy-cell--clickable\\">
      <!---->
      <div class=\\"smy-cell__content\\">
        <div class=\\"smy-cell__title\\">这里是cell组件
        </div>
        <div class=\\"smy-cell__desc\\">这里是描述</div>
      </div>
      <div class=\\"smy-cell__extra\\"><span class=\\"smy-icon\\" style=\\"transition: transform 0ms;\\"><svg xmlns=\\"http://www.w3.org/2000/svg\\" xmlns:xlink=\\"http://www.w3.org/1999/xlink\\" version=\\"1.1\\" width=\\"24\\" height=\\"24\\" viewBox=\\"0 0 24 24\\"><path d=\\"M13.46,12L19,17.54V19H17.54L12,13.46L6.46,19H5V17.54L10.54,12L5,6.46V5H6.46L12,10.54L17.54,5H19V6.46L13.46,12Z\\"></path></svg></span></div>
    </div>
    <div class=\\"smy-cell smy-cell--border smy-cell--clickable\\">
      <!---->
      <div class=\\"smy-cell__content\\">
        <div class=\\"smy-cell__title\\">这里是cell组件
        </div>
        <div class=\\"smy-cell__desc\\">这里是描述</div>
      </div>
      <div class=\\"smy-cell__extra\\"><span class=\\"smy-icon\\" style=\\"transition: transform 0ms;\\"><svg xmlns=\\"http://www.w3.org/2000/svg\\" xmlns:xlink=\\"http://www.w3.org/1999/xlink\\" version=\\"1.1\\" width=\\"24\\" height=\\"24\\" viewBox=\\"0 0 24 24\\"><path d=\\"M13.46,12L19,17.54V19H17.54L12,13.46L6.46,19H5V17.54L10.54,12L5,6.46V5H6.46L12,10.54L17.54,5H19V6.46L13.46,12Z\\"></path></svg></span></div>
    </div>
    <div class=\\"smy-cell smy-cell--border smy-cell--clickable\\">
      <!---->
      <div class=\\"smy-cell__content\\">
        <div class=\\"smy-cell__title\\">这里是cell组件
        </div>
        <div class=\\"smy-cell__desc\\">这里是描述</div>
      </div>
      <div class=\\"smy-cell__extra\\"><span class=\\"smy-icon\\" style=\\"transition: transform 0ms;\\"><svg xmlns=\\"http://www.w3.org/2000/svg\\" xmlns:xlink=\\"http://www.w3.org/1999/xlink\\" version=\\"1.1\\" width=\\"24\\" height=\\"24\\" viewBox=\\"0 0 24 24\\"><path d=\\"M13.46,12L19,17.54V19H17.54L12,13.46L6.46,19H5V17.54L10.54,12L5,6.46V5H6.46L12,10.54L17.54,5H19V6.46L13.46,12Z\\"></path></svg></span></div>
    </div>
  </div>
</div>"
`;

exports[`test cell props 1`] = `
"<div class=\\"smy-cell smy-cell--border\\" iconclass=\\"test-icon-class\\">
  <!---->
  <div class=\\"smy-cell__content\\">
    <div class=\\"smy-cell__title test-title-class\\">This is Cell</div>
    <div class=\\"smy-cell__desc test-desc-class\\">
      This is desc
    </div>
  </div>
  <div class=\\"smy-cell__extra test-extra-class\\">
    <div>text</div>
  </div>
</div>"
`;
